network policy snapshot should match:
  1: |
    apiVersion: networking.k8s.io/v1
    kind: NetworkPolicy
    metadata:
      name: demo-api
      namespace: core
    spec:
      egress:
        - to:
            - namespaceSelector:
                matchLabels:
                  kubernetes.io/metadata.name: core
        - to:
            - ipBlock:
                cidr: 0.0.0.0/0
                except:
                  - 10.0.0.0/8
                  - 192.168.0.0/16
                  - 172.16.0.0/12
        - to:
            - namespaceSelector:
                matchLabels:
                  kubernetes.io/metadata.name: linkerd
        - to:
            - namespaceSelector:
                matchLabels:
                  kubernetes.io/metadata.name: monitoring
              podSelector:
                matchLabels:
                  app.kubernetes.io/name: otel-collector
        - ports:
            - port: 53
              protocol: UDP
          to:
            - namespaceSelector:
                matchLabels:
                  kubernetes.io/metadata.name: kube-system
              podSelector:
                matchLabels:
                  k8s-app: kube-dns
      ingress:
        - from:
            - namespaceSelector:
                matchLabels:
                  kubernetes.io/metadata.name: core
              podSelector:
                matchLabels:
                  app.kubernetes.io/name: demo-app
            - namespaceSelector:
                matchLabels:
                  kubernetes.io/metadata.name: dns
              podSelector:
                matchLabels:
                  app.kubernetes.io/name: traefik
            - namespaceSelector:
                matchLabels:
                  kubernetes.io/metadata.name: monitoring
              podSelector:
                matchLabels:
                  app.kubernetes.io/name: prometheus
          ports:
            - port: 8080
              protocol: TCP
      podSelector:
        matchLabels:
          app: demo-api
      policyTypes:
        - Ingress
        - Egress
